Running 6x4 grid, 150 matched trials x 3 postures = 10800 sims ...

=== mean weighted service-hours lost by cell (matched pairs, n per cell) ===
 detection_delay  cost_frac   n  open  static  reactive  reactive_minus_best_static  rmb_lo  rmb_hi   winner  reactive_sig_best
               1       0.00 150   9.8     3.7       3.9                         0.9     0.1     1.6   static              False
               1       0.15 150   9.2     3.7       3.4                         0.5    -0.1     1.2 reactive              False
               1       0.30 150   9.8     3.7       3.6                         0.6    -0.0     1.3 reactive              False
               1       0.45 150  10.3    55.0       6.5                        -2.4    -4.4    -0.6 reactive               True
               2       0.00 150  37.0     6.3       7.5                         1.7     0.2     3.3   static              False
               2       0.15 150  32.6     4.8       6.4                         2.0     0.6     3.6   static              False
               2       0.30 150  36.5     4.5       7.9                         3.8     2.0     6.0   static              False
               2       0.45 150  35.2    57.0      11.0                       -16.0   -20.0   -11.7 reactive               True
               3       0.00 150  61.8    10.6      13.8                         3.5     0.7     6.7   static              False
               3       0.15 150  60.4    12.4      14.4                         3.1    -0.5     6.9   static              False
               3       0.30 150  60.4     9.3      16.0                         7.4     4.1    11.2   static              False
               3       0.45 150  58.5    62.1      26.7                       -15.0   -20.7    -9.7 reactive               True
               6       0.00 150 114.5    64.2      81.8                        22.0    12.1    31.6   static              False
               6       0.15 150 113.0    55.6      80.8                        27.7    17.4    38.0   static              False
               6       0.30 150 112.5    61.0      85.4                        28.8    19.3    38.6   static              False
               6       0.45 150 114.0   106.3     102.2                        18.0     9.1    26.4 reactive              False
              12       0.00 150 188.2   153.1     171.6                        27.6    16.5    39.6   static              False
              12       0.15 150 187.0   147.8     175.0                        33.7    22.2    45.5   static              False
              12       0.30 150 188.6   158.2     174.4                        27.3    16.3    38.7   static              False
              12       0.45 150 191.0   179.4     190.5                        28.9    20.8    37.3   static              False
              24       0.00 150 223.7   193.5     215.8                        22.6    14.5    31.8   static              False
              24       0.15 150 232.4   201.5     224.2                        22.9    14.2    32.6   static              False
              24       0.30 150 232.7   202.7     224.5                        22.0    14.1    30.8   static              False
              24       0.45 150 236.5   216.3     231.2                        16.1     9.4    23.7   static              False

reactive is the point-estimate winner in 6/24 cells; it beats BOTH static postures with a 95% CI clear of 0 in 3/24 cells.
raw:     outputs/adaptive/adaptive_segmentation_raw.csv
summary: outputs/adaptive/adaptive_segmentation_summary.csv
figure:  outputs/adaptive/adaptive_segmentation_phase.png
