Running 6x4 grid, 150 matched trials x 5 postures = 18000 sims (cut_fraction=0.34) ...

=== mean weighted service-hours lost by cell ===
 detection_delay  cost_frac   n  mean_open  mean_static  mean_reactive  mean_vgri  mean_rpe  rpe_minus_best_baseline  rpe_lo  rpe_hi   winner  rpe_sig_best
               1        0.0 150        9.8          3.7            3.9        6.6       5.1                      2.5     1.7     3.4   static         False
               1        0.2 150        9.2          3.7            3.4        5.1       3.9                      1.4     0.6     2.4 reactive         False
               1        0.3 150        9.8          3.7            3.6        7.4       4.1                      1.7     1.0     2.4 reactive         False
               1        0.4 150       10.3         55.0            6.5        6.6       4.4                      0.4    -0.3     1.1      rpe         False
               2        0.0 150       37.0          6.3            7.5       26.5      14.3                      9.6     6.5    12.8   static         False
               2        0.2 150       32.6          4.8            6.4       23.2      11.8                      8.3     5.8    11.0   static         False
               2        0.3 150       36.5          4.5            7.9       24.6      12.1                      8.8     6.0    11.9   static         False
               2        0.4 150       35.2         57.0           11.0       23.8      11.2                      2.3     0.3     4.5 reactive         False
               3        0.0 150       61.8         10.6           13.8       47.7      31.5                     23.5    18.8    28.5   static         False
               3        0.2 150       60.4         12.4           14.4       48.9      28.8                     21.5    17.3    26.0   static         False
               3        0.3 150       60.4          9.3           16.0       49.5      30.2                     23.6    18.6    29.0   static         False
               3        0.4 150       58.5         62.1           26.7       51.4      29.5                      8.9     4.5    13.5 reactive         False
               6        0.0 150      114.5         64.2           81.8      111.0      99.3                     48.5    39.5    57.9   static         False
               6        0.2 150      113.0         55.6           80.8      107.5      92.3                     47.2    38.2    56.5   static         False
               6        0.3 150      112.5         61.0           85.4      109.5      99.7                     50.0    40.7    59.1   static         False
               6        0.4 150      114.0        106.3          102.2      108.7      92.8                     20.6    13.3    28.5      rpe         False
              12        0.0 150      188.2        153.1          171.6      185.8     180.2                     44.9    33.7    56.3   static         False
              12        0.2 150      187.0        147.8          175.0      183.9     176.1                     40.7    29.7    52.3   static         False
              12        0.3 150      188.6        158.2          174.4      187.5     180.8                     40.7    28.8    53.1   static         False
              12        0.4 150      191.0        179.4          190.5      191.8     183.0                     26.3    16.9    35.3   static         False
              24        0.0 150      223.7        193.5          215.8      222.8     218.4                     26.7    18.6    35.9   static         False
              24        0.2 150      232.4        201.5          224.2      230.8     227.0                     26.8    17.9    36.9   static         False
              24        0.3 150      232.7        202.7          224.5      232.2     227.2                     25.4    17.1    34.7   static         False
              24        0.4 150      236.5        216.3          231.2      235.3     231.8                     18.1    11.1    26.0   static         False

RPE is the outright winner in 2/24 cells; beats ALL baselines with 95% CI clear of 0 in 0 cells.
(For contrast, the fractional VGRI variant is sig-best in 0 cells.)
outputs in outputs/vgri/
EXIT 0
