Running 6 portfolios x 60 matched trials x 2 attackers = 720 sims (focus=2.0) ...

=== mean weighted service-hours lost by portfolio x attacker ===
       portfolio attacker  mean_hours     lo     hi  p_catastrophic  p_identity
   baseline_flat adaptive      193.03 181.30 203.33            0.97        0.97
   baseline_flat    naive      185.14 169.24 199.15            0.92        0.92
  fast_detection adaptive      122.08 111.80 131.56            0.93        0.92
  fast_detection    naive       85.30  70.14  99.96            0.70        0.68
    full_defense adaptive        7.56   4.57  11.82            0.15        0.15
    full_defense    naive        3.62   2.41   4.94            0.03        0.10
isolated_backups adaptive      145.26 136.43 153.76            0.98        0.98
isolated_backups    naive      135.79 122.85 147.59            0.92        0.92
 least_privilege adaptive      171.64 158.36 183.50            0.97        0.93
 least_privilege    naive       74.27  56.48  92.90            0.62        0.57
        patch_90 adaptive      184.10 168.34 198.76            0.92        0.92
        patch_90    naive      147.71 124.60 169.20            0.73        0.73

=== defense-in-depth reduction (full_defense vs baseline_flat) ===
  naive    : baseline=  185.1  full=    3.6  reduction= 98.0%
  adaptive : baseline=  193.0  full=    7.6  reduction= 96.1%

The study reports ~98% against the naive attacker; here the naive reduction is 98.0% and the adaptive-attacker reduction is 96.1%.
outputs in outputs/attacker_sweep/f2/
