Running 6 portfolios x 60 matched trials x 2 attackers = 720 sims (focus=1.0) ...

=== mean weighted service-hours lost by portfolio x attacker ===
       portfolio attacker  mean_hours     lo     hi  p_catastrophic  p_identity
   baseline_flat adaptive      194.22 180.41 206.27            0.95        0.95
   baseline_flat    naive      185.14 169.24 199.15            0.92        0.92
  fast_detection adaptive      114.84 102.40 126.25            0.88        0.87
  fast_detection    naive       85.30  70.14  99.96            0.70        0.68
    full_defense adaptive        7.11   3.65  11.81            0.12        0.12
    full_defense    naive        3.62   2.41   4.94            0.03        0.10
isolated_backups adaptive      144.46 134.30 154.83            0.97        0.97
isolated_backups    naive      135.79 122.85 147.59            0.92        0.92
 least_privilege adaptive      133.72 114.05 152.38            0.82        0.78
 least_privilege    naive       74.27  56.48  92.90            0.62        0.57
        patch_90 adaptive      173.85 154.88 191.19            0.87        0.87
        patch_90    naive      147.71 124.60 169.20            0.73        0.73

=== defense-in-depth reduction (full_defense vs baseline_flat) ===
  naive    : baseline=  185.1  full=    3.6  reduction= 98.0%
  adaptive : baseline=  194.2  full=    7.1  reduction= 96.3%

The study reports ~98% against the naive attacker; here the naive reduction is 98.0% and the adaptive-attacker reduction is 96.3%.
outputs in outputs/attacker_sweep/f1/
